src/__tests__/components/CommentItem.test.tsx(4,23): error TS6133: 'mockUser' is declared but its value is never read.
src/__tests__/components/CommentItem.test.tsx(10,3): error TS2304: Cannot find name 'beforeEach'.
src/__tests__/components/CommentItem.test.tsx(17,9): error TS2322: Type '{ id: string; userId: number; userName: string; journalId: number; parentId: null; content: string; rating: number; createdAt: string; isDeleted: boolean; }' is not assignable to type 'Comment'.
  Types of property 'journalId' are incompatible.
    Type 'number' is not assignable to type 'string'.
src/__tests__/components/CommentItem.test.tsx(31,9): error TS2322: Type '{ id: string; userId: number; userName: string; journalId: number; parentId: null; content: string; rating: number; createdAt: string; isDeleted: boolean; }' is not assignable to type 'Comment'.
src/__tests__/components/CommentItem.test.tsx(52,9): error TS2322: Type '{ parentId: string; rating: undefined; id: string; userId: number; userName: string; journalId: number; content: string; createdAt: string; isDeleted: boolean; }' is not assignable to type 'Comment'.
  Types of property 'journalId' are incompatible.
    Type 'number' is not assignable to type 'string'.
src/__tests__/components/CommentItem.test.tsx(66,9): error TS2322: Type '{ id: string; userId: number; userName: string; journalId: number; parentId: null; content: string; rating: number; createdAt: string; isDeleted: boolean; }' is not assignable to type 'Comment'.
src/__tests__/components/CommentItem.test.tsx(80,9): error TS2322: Type '{ id: string; userId: number; userName: string; journalId: number; parentId: null; content: string; rating: number; createdAt: string; isDeleted: boolean; }' is not assignable to type 'Comment'.
src/__tests__/components/CommentItem.test.tsx(93,9): error TS2322: Type '{ id: string; userId: number; userName: string; journalId: number; parentId: null; content: string; rating: number; createdAt: string; isDeleted: boolean; }' is not assignable to type 'Comment'.
src/__tests__/components/CommentItem.test.tsx(109,9): error TS2322: Type '{ id: string; userId: number; userName: string; journalId: number; parentId: null; content: string; rating: number; createdAt: string; isDeleted: boolean; }' is not assignable to type 'Comment'.
src/__tests__/components/CommentItem.test.tsx(141,9): error TS2322: Type '{ replies: { id: string; userId: number; userName: string; journalId: number; parentId: string; content: string; createdAt: string; isDeleted: boolean; }[]; id: string; userId: number; userName: string; ... 5 more ...; isDeleted: boolean; }' is not assignable to type 'Comment'.
  Types of property 'journalId' are incompatible.
    Type 'number' is not assignable to type 'string'.
src/__tests__/components/CommentItem.test.tsx(160,9): error TS2322: Type '{ createdAt: string; id: string; userId: number; userName: string; journalId: number; parentId: null; content: string; rating: number; isDeleted: boolean; }' is not assignable to type 'Comment'.
  Types of property 'journalId' are incompatible.
    Type 'number' is not assignable to type 'string'.
src/__tests__/components/CommentItem.test.tsx(181,9): error TS2322: Type '{ isDeleted: boolean; id: string; userId: number; userName: string; journalId: number; parentId: null; content: string; rating: number; createdAt: string; }' is not assignable to type 'Comment'.
  Types of property 'journalId' are incompatible.
    Type 'number' is not assignable to type 'string'.
src/__tests__/components/common/BackButton.test.tsx(10,5): error TS2698: Spread types may only be created from object types.
src/__tests__/components/common/Breadcrumb.test.tsx(2,26): error TS6133: 'within' is declared but its value is never read.
src/__tests__/components/common/JournalInfoCard.test.tsx(11,5): error TS2698: Spread types may only be created from object types.
src/__tests__/components/common/JournalInfoCard.test.tsx(42,31): error TS2739: Type '{ id: number; title: string; issn: string; category: string; rating: number; reviews: number; description: string; dimensionAverages: { reviewSpeed: number; editorAttitude: number; acceptDifficulty: number; reviewQuality: number; overallExperience: number; }; }' is missing the following properties from type '{ journalId: string; name: string; issn?: string | undefined; levels?: string[] | undefined; ratingCache?: { rating: number; reviewSpeed?: number | undefined; editorAttitude?: number | undefined; acceptDifficulty?: number | undefined; reviewQuality?: number | undefined; overallExperience?: number | undefined; } | un...': journalId, name
src/__tests__/components/common/JournalInfoCard.test.tsx(47,31): error TS2322: Type '{ id: number; title: string; issn: string; category: string; rating: number; reviews: number; description: string; dimensionAverages: { reviewSpeed: number; editorAttitude: number; acceptDifficulty: number; reviewQuality: number; overallExperience: number; }; }' is not assignable to type '{ journalId: string; name: string; issn?: string | undefined; levels?: string[] | undefined; ratingCache?: { rating: number; reviewSpeed?: number | undefined; editorAttitude?: number | undefined; acceptDifficulty?: number | undefined; reviewQuality?: number | undefined; overallExperience?: number | undefined; } | un...'.
src/__tests__/components/common/JournalInfoCard.test.tsx(52,31): error TS2322: Type '{ id: number; title: string; issn: string; category: string; rating: number; reviews: number; description: string; dimensionAverages: { reviewSpeed: number; editorAttitude: number; acceptDifficulty: number; reviewQuality: number; overallExperience: number; }; }' is not assignable to type '{ journalId: string; name: string; issn?: string | undefined; levels?: string[] | undefined; ratingCache?: { rating: number; reviewSpeed?: number | undefined; editorAttitude?: number | undefined; acceptDifficulty?: number | undefined; reviewQuality?: number | undefined; overallExperience?: number | undefined; } | un...'.
src/__tests__/components/common/JournalInfoCard.test.tsx(57,31): error TS2322: Type '{ id: number; title: string; issn: string; category: string; rating: number; reviews: number; description: string; dimensionAverages: { reviewSpeed: number; editorAttitude: number; acceptDifficulty: number; reviewQuality: number; overallExperience: number; }; }' is not assignable to type '{ journalId: string; name: string; issn?: string | undefined; levels?: string[] | undefined; ratingCache?: { rating: number; reviewSpeed?: number | undefined; editorAttitude?: number | undefined; acceptDifficulty?: number | undefined; reviewQuality?: number | undefined; overallExperience?: number | undefined; } | un...'.
src/__tests__/components/common/JournalInfoCard.test.tsx(63,31): error TS2322: Type '{ id: number; title: string; issn: string; category: string; rating: number; reviews: number; description: string; dimensionAverages: { reviewSpeed: number; editorAttitude: number; acceptDifficulty: number; reviewQuality: number; overallExperience: number; }; }' is not assignable to type '{ journalId: string; name: string; issn?: string | undefined; levels?: string[] | undefined; ratingCache?: { rating: number; reviewSpeed?: number | undefined; editorAttitude?: number | undefined; acceptDifficulty?: number | undefined; reviewQuality?: number | undefined; overallExperience?: number | undefined; } | un...'.
src/__tests__/components/common/JournalInfoCard.test.tsx(68,31): error TS2322: Type '{ id: number; title: string; issn: string; category: string; rating: number; reviews: number; description: string; dimensionAverages: { reviewSpeed: number; editorAttitude: number; acceptDifficulty: number; reviewQuality: number; overallExperience: number; }; }' is not assignable to type '{ journalId: string; name: string; issn?: string | undefined; levels?: string[] | undefined; ratingCache?: { rating: number; reviewSpeed?: number | undefined; editorAttitude?: number | undefined; acceptDifficulty?: number | undefined; reviewQuality?: number | undefined; overallExperience?: number | undefined; } | un...'.
src/__tests__/components/common/JournalInfoCard.test.tsx(74,31): error TS2739: Type '{ description: undefined; id: number; title: string; issn: string; category: string; rating: number; reviews: number; dimensionAverages: { reviewSpeed: number; editorAttitude: number; acceptDifficulty: number; reviewQuality: number; overallExperience: number; }; }' is missing the following properties from type '{ journalId: string; name: string; issn?: string | undefined; levels?: string[] | undefined; ratingCache?: { rating: number; reviewSpeed?: number | undefined; editorAttitude?: number | undefined; acceptDifficulty?: number | undefined; reviewQuality?: number | undefined; overallExperience?: number | undefined; } | un...': journalId, name
src/__tests__/components/common/JournalInfoCard.test.tsx(83,31): error TS2739: Type '{ title: string; id: number; issn: string; category: string; rating: number; reviews: number; description: string; dimensionAverages: { reviewSpeed: number; editorAttitude: number; acceptDifficulty: number; reviewQuality: number; overallExperience: number; }; }' is missing the following properties from type '{ journalId: string; name: string; issn?: string | undefined; levels?: string[] | undefined; ratingCache?: { rating: number; reviewSpeed?: number | undefined; editorAttitude?: number | undefined; acceptDifficulty?: number | undefined; reviewQuality?: number | undefined; overallExperience?: number | undefined; } | un...': journalId, name
src/__tests__/components/common/JournalInfoCard.test.tsx(91,31): error TS2322: Type '{ id: number; title: string; issn: string; category: string; rating: number; reviews: number; description: string; dimensionAverages: { reviewSpeed: number; editorAttitude: number; acceptDifficulty: number; reviewQuality: number; overallExperience: number; }; }' is not assignable to type '{ journalId: string; name: string; issn?: string | undefined; levels?: string[] | undefined; ratingCache?: { rating: number; reviewSpeed?: number | undefined; editorAttitude?: number | undefined; acceptDifficulty?: number | undefined; reviewQuality?: number | undefined; overallExperience?: number | undefined; } | un...'.
src/__tests__/components/common/JournalInfoCard.test.tsx(101,31): error TS2322: Type '{ id: number; title: string; issn: string; category: string; rating: number; reviews: number; description: string; dimensionAverages: { reviewSpeed: number; editorAttitude: number; acceptDifficulty: number; reviewQuality: number; overallExperience: number; }; }' is not assignable to type '{ journalId: string; name: string; issn?: string | undefined; levels?: string[] | undefined; ratingCache?: { rating: number; reviewSpeed?: number | undefined; editorAttitude?: number | undefined; acceptDifficulty?: number | undefined; reviewQuality?: number | undefined; overallExperience?: number | undefined; } | un...'.
src/__tests__/components/common/JournalInfoCard.test.tsx(116,31): error TS2739: Type '{ dimensionAverages: { reviewSpeed: number; }; id: number; title: string; issn: string; category: string; rating: number; reviews: number; description: string; }' is missing the following properties from type '{ journalId: string; name: string; issn?: string | undefined; levels?: string[] | undefined; ratingCache?: { rating: number; reviewSpeed?: number | undefined; editorAttitude?: number | undefined; acceptDifficulty?: number | undefined; reviewQuality?: number | undefined; overallExperience?: number | undefined; } | un...': journalId, name
src/__tests__/components/common/JournalInfoCard.test.tsx(127,31): error TS2322: Type '{ id: number; title: string; issn: string; category: string; rating: number; reviews: number; description: string; dimensionAverages: { reviewSpeed: number; editorAttitude: number; acceptDifficulty: number; reviewQuality: number; overallExperience: number; }; }' is not assignable to type '{ journalId: string; name: string; issn?: string | undefined; levels?: string[] | undefined; ratingCache?: { rating: number; reviewSpeed?: number | undefined; editorAttitude?: number | undefined; acceptDifficulty?: number | undefined; reviewQuality?: number | undefined; overallExperience?: number | undefined; } | un...'.
src/__tests__/components/common/JournalInfoCard.test.tsx(137,31): error TS2322: Type '{ id: number; title: string; issn: string; category: string; rating: number; reviews: number; description: string; dimensionAverages: { reviewSpeed: number; editorAttitude: number; acceptDifficulty: number; reviewQuality: number; overallExperience: number; }; }' is not assignable to type '{ journalId: string; name: string; issn?: string | undefined; levels?: string[] | undefined; ratingCache?: { rating: number; reviewSpeed?: number | undefined; editorAttitude?: number | undefined; acceptDifficulty?: number | undefined; reviewQuality?: number | undefined; overallExperience?: number | undefined; } | un...'.
src/__tests__/components/common/JournalInfoCard.test.tsx(148,31): error TS2322: Type '{ id: number; title: string; issn: string; category: string; rating: number; reviews: number; description: string; dimensionAverages: { reviewSpeed: number; editorAttitude: number; acceptDifficulty: number; reviewQuality: number; overallExperience: number; }; }' is not assignable to type '{ journalId: string; name: string; issn?: string | undefined; levels?: string[] | undefined; ratingCache?: { rating: number; reviewSpeed?: number | undefined; editorAttitude?: number | undefined; acceptDifficulty?: number | undefined; reviewQuality?: number | undefined; overallExperience?: number | undefined; } | un...'.
src/__tests__/components/common/JournalInfoCard.test.tsx(156,11): error TS2322: Type '{ id: number; title: string; issn: string; category: string; rating: number; reviews: number; description: string; dimensionAverages: { reviewSpeed: number; editorAttitude: number; acceptDifficulty: number; reviewQuality: number; overallExperience: number; }; }' is not assignable to type '{ journalId: string; name: string; issn?: string | undefined; levels?: string[] | undefined; ratingCache?: { rating: number; reviewSpeed?: number | undefined; editorAttitude?: number | undefined; acceptDifficulty?: number | undefined; reviewQuality?: number | undefined; overallExperience?: number | undefined; } | un...'.
src/__tests__/components/common/JournalInfoCard.test.tsx(168,11): error TS2322: Type '{ id: number; title: string; issn: string; category: string; rating: number; reviews: number; description: string; dimensionAverages: { reviewSpeed: number; editorAttitude: number; acceptDifficulty: number; reviewQuality: number; overallExperience: number; }; }' is not assignable to type '{ journalId: string; name: string; issn?: string | undefined; levels?: string[] | undefined; ratingCache?: { rating: number; reviewSpeed?: number | undefined; editorAttitude?: number | undefined; acceptDifficulty?: number | undefined; reviewQuality?: number | undefined; overallExperience?: number | undefined; } | un...'.
src/__tests__/components/common/JournalInfoCard.test.tsx(181,11): error TS2322: Type '{ id: number; title: string; issn: string; category: string; rating: number; reviews: number; description: string; dimensionAverages: { reviewSpeed: number; editorAttitude: number; acceptDifficulty: number; reviewQuality: number; overallExperience: number; }; }' is not assignable to type '{ journalId: string; name: string; issn?: string | undefined; levels?: string[] | undefined; ratingCache?: { rating: number; reviewSpeed?: number | undefined; editorAttitude?: number | undefined; acceptDifficulty?: number | undefined; reviewQuality?: number | undefined; overallExperience?: number | undefined; } | un...'.
src/__tests__/components/common/JournalInfoCard.test.tsx(197,26): error TS2322: Type '{ id: number; title: string; issn: string; category: string; rating: number; reviews: number; description: string; dimensionAverages: { reviewSpeed: number; editorAttitude: number; acceptDifficulty: number; reviewQuality: number; overallExperience: number; }; }' is not assignable to type '{ journalId: string; name: string; issn?: string | undefined; levels?: string[] | undefined; ratingCache?: { rating: number; reviewSpeed?: number | undefined; editorAttitude?: number | undefined; acceptDifficulty?: number | undefined; reviewQuality?: number | undefined; overallExperience?: number | undefined; } | un...'.
src/__tests__/components/common/JournalInfoCard.test.tsx(205,11): error TS2322: Type '{ id: number; title: string; issn: string; category: string; rating: number; reviews: number; description: string; dimensionAverages: { reviewSpeed: number; editorAttitude: number; acceptDifficulty: number; reviewQuality: number; overallExperience: number; }; }' is not assignable to type '{ journalId: string; name: string; issn?: string | undefined; levels?: string[] | undefined; ratingCache?: { rating: number; reviewSpeed?: number | undefined; editorAttitude?: number | undefined; acceptDifficulty?: number | undefined; reviewQuality?: number | undefined; overallExperience?: number | undefined; } | un...'.
src/__tests__/components/common/JournalPicker.test.tsx(9,35): error TS2694: Namespace 'global.jest' has no exported member 'Mocked'.
src/__tests__/components/common/JournalPicker.test.tsx(61,41): error TS7006: Parameter 'url' implicitly has an 'any' type.
src/__tests__/components/common/JournalPicker.test.tsx(296,43): error TS7006: Parameter 'url' implicitly has an 'any' type.
src/__tests__/components/common/JournalPicker.test.tsx(318,43): error TS7006: Parameter 'url' implicitly has an 'any' type.
src/__tests__/components/common/JournalPicker.test.tsx(348,43): error TS7006: Parameter 'url' implicitly has an 'any' type.
src/__tests__/components/common/JournalPicker.test.tsx(386,43): error TS7006: Parameter 'url' implicitly has an 'any' type.
src/__tests__/components/common/JournalPicker.test.tsx(386,48): error TS7006: Parameter 'config' implicitly has an 'any' type.
src/__tests__/components/common/Modal.test.tsx(207,13): error TS6133: 'closeButton' is declared but its value is never read.
src/__tests__/components/common/ThemePicker.test.tsx(1,32): error TS6133: 'vi' is declared but its value is never read.
src/__tests__/components/common/ThemePicker.test.tsx(66,13): error TS6133: 'container' is declared but its value is never read.
src/__tests__/components/common/UserDropdown.test.tsx(12,5): error TS2698: Spread types may only be created from object types.
src/__tests__/components/common/UserDropdown.test.tsx(20,3): error TS2345: Argument of type '{ user: null; login: Mock<[credentials: LoginCredentials], Promise<void>>; logout: Mock<any, any>; register: Mock<[data: RegisterData], Promise<void>>; updateUserProfile: Mock<...>; loading: boolean; isAuthenticated: boolean; }' is not assignable to parameter of type '{ state: AuthState; login: (credentials: LoginCredentials) => Promise<void>; register: (data: RegisterData) => Promise<void>; logout: () => void; clearError: () => void; checkAuthStatus: () => Promise<...>; }'.
  Object literal may only specify known properties, and 'user' does not exist in type '{ state: AuthState; login: (credentials: LoginCredentials) => Promise<void>; register: (data: RegisterData) => Promise<void>; logout: () => void; clearError: () => void; checkAuthStatus: () => Promise<...>; }'.
src/__tests__/components/common/UserDropdown.test.tsx(127,13): error TS6133: 'container' is declared but its value is never read.
src/__tests__/components/FollowButton.test.tsx(28,51): error TS2345: Argument of type '{ user: null; login: Mock<[email: string, password: string], Promise<void>>; logout: Mock<[], void>; register: Mock<[email: string, password: string, confirmPassword: string], Promise<void>>; loading: false; }' is not assignable to parameter of type '{ user: User | null; isAuthenticated: boolean; loading: boolean; error: string | null; login: (email: string, password: string) => Promise<void>; register: (email: string, password: string, confirmPassword: string) => Promise<...>; logout: () => void; clearError: () => void; checkAuthStatus: () => Promise<...>; }'.
  Type '{ user: null; login: Mock<[email: string, password: string], Promise<void>>; logout: Mock<[], void>; register: Mock<[email: string, password: string, confirmPassword: string], Promise<void>>; loading: false; }' is missing the following properties from type '{ user: User | null; isAuthenticated: boolean; loading: boolean; error: string | null; login: (email: string, password: string) => Promise<void>; register: (email: string, password: string, confirmPassword: string) => Promise<...>; logout: () => void; clearError: () => void; checkAuthStatus: () => Promise<...>; }': isAuthenticated, error, clearError, checkAuthStatus
src/__tests__/components/FollowButton.test.tsx(41,51): error TS2345: Argument of type '{ user: { id: string; email: string; name: string; }; login: Mock<[email: string, password: string], Promise<void>>; logout: Mock<[], void>; register: Mock<[email: string, password: string, confirmPassword: string], Promise<void>>; loading: false; }' is not assignable to parameter of type '{ user: User | null; isAuthenticated: boolean; loading: boolean; error: string | null; login: (email: string, password: string) => Promise<void>; register: (email: string, password: string, confirmPassword: string) => Promise<...>; logout: () => void; clearError: () => void; checkAuthStatus: () => Promise<...>; }'.
  Type '{ user: { id: string; email: string; name: string; }; login: Mock<[email: string, password: string], Promise<void>>; logout: Mock<[], void>; register: Mock<[email: string, password: string, confirmPassword: string], Promise<void>>; loading: false; }' is missing the following properties from type '{ user: User | null; isAuthenticated: boolean; loading: boolean; error: string | null; login: (email: string, password: string) => Promise<void>; register: (email: string, password: string, confirmPassword: string) => Promise<...>; logout: () => void; clearError: () => void; checkAuthStatus: () => Promise<...>; }': isAuthenticated, error, clearError, checkAuthStatus
src/__tests__/components/FollowButton.test.tsx(54,51): error TS2345: Argument of type '{ user: { id: string; email: string; name: string; }; login: Mock<[email: string, password: string], Promise<void>>; logout: Mock<[], void>; register: Mock<[email: string, password: string, confirmPassword: string], Promise<void>>; loading: false; }' is not assignable to parameter of type '{ user: User | null; isAuthenticated: boolean; loading: boolean; error: string | null; login: (email: string, password: string) => Promise<void>; register: (email: string, password: string, confirmPassword: string) => Promise<...>; logout: () => void; clearError: () => void; checkAuthStatus: () => Promise<...>; }'.
  Type '{ user: { id: string; email: string; name: string; }; login: Mock<[email: string, password: string], Promise<void>>; logout: Mock<[], void>; register: Mock<[email: string, password: string, confirmPassword: string], Promise<void>>; loading: false; }' is missing the following properties from type '{ user: User | null; isAuthenticated: boolean; loading: boolean; error: string | null; login: (email: string, password: string) => Promise<void>; register: (email: string, password: string, confirmPassword: string) => Promise<...>; logout: () => void; clearError: () => void; checkAuthStatus: () => Promise<...>; }': isAuthenticated, error, clearError, checkAuthStatus
src/__tests__/components/FollowButton.test.tsx(66,21): error TS2345: Argument of type '() => void' is not assignable to parameter of type 'number'.
src/__tests__/components/FollowButton.test.tsx(72,51): error TS2345: Argument of type '{ user: { id: string; email: string; name: string; }; login: Mock<[email: string, password: string], Promise<void>>; logout: Mock<[], void>; register: Mock<[email: string, password: string, confirmPassword: string], Promise<void>>; loading: false; }' is not assignable to parameter of type '{ user: User | null; isAuthenticated: boolean; loading: boolean; error: string | null; login: (email: string, password: string) => Promise<void>; register: (email: string, password: string, confirmPassword: string) => Promise<...>; logout: () => void; clearError: () => void; checkAuthStatus: () => Promise<...>; }'.
  Type '{ user: { id: string; email: string; name: string; }; login: Mock<[email: string, password: string], Promise<void>>; logout: Mock<[], void>; register: Mock<[email: string, password: string, confirmPassword: string], Promise<void>>; loading: false; }' is missing the following properties from type '{ user: User | null; isAuthenticated: boolean; loading: boolean; error: string | null; login: (email: string, password: string) => Promise<void>; register: (email: string, password: string, confirmPassword: string) => Promise<...>; logout: () => void; clearError: () => void; checkAuthStatus: () => Promise<...>; }': isAuthenticated, error, clearError, checkAuthStatus
src/__tests__/components/FollowButton.test.tsx(84,21): error TS2345: Argument of type '() => void' is not assignable to parameter of type 'number'.
src/__tests__/components/FollowButton.test.tsx(92,51): error TS2345: Argument of type '{ user: { id: string; email: string; name: string; }; login: Mock<[email: string, password: string], Promise<void>>; logout: Mock<[], void>; register: Mock<[email: string, password: string, confirmPassword: string], Promise<void>>; loading: false; }' is not assignable to parameter of type '{ user: User | null; isAuthenticated: boolean; loading: boolean; error: string | null; login: (email: string, password: string) => Promise<void>; register: (email: string, password: string, confirmPassword: string) => Promise<...>; logout: () => void; clearError: () => void; checkAuthStatus: () => Promise<...>; }'.
  Type '{ user: { id: string; email: string; name: string; }; login: Mock<[email: string, password: string], Promise<void>>; logout: Mock<[], void>; register: Mock<[email: string, password: string, confirmPassword: string], Promise<void>>; loading: false; }' is missing the following properties from type '{ user: User | null; isAuthenticated: boolean; loading: boolean; error: string | null; login: (email: string, password: string) => Promise<void>; register: (email: string, password: string, confirmPassword: string) => Promise<...>; logout: () => void; clearError: () => void; checkAuthStatus: () => Promise<...>; }': isAuthenticated, error, clearError, checkAuthStatus
src/__tests__/components/FollowButton.test.tsx(104,21): error TS2345: Argument of type '() => void' is not assignable to parameter of type 'number'.
src/__tests__/components/FollowButton.test.tsx(110,51): error TS2345: Argument of type '{ user: { id: string; email: string; name: string; }; login: Mock<[email: string, password: string], Promise<void>>; logout: Mock<[], void>; register: Mock<[email: string, password: string, confirmPassword: string], Promise<void>>; loading: false; }' is not assignable to parameter of type '{ user: User | null; isAuthenticated: boolean; loading: boolean; error: string | null; login: (email: string, password: string) => Promise<void>; register: (email: string, password: string, confirmPassword: string) => Promise<...>; logout: () => void; clearError: () => void; checkAuthStatus: () => Promise<...>; }'.
  Type '{ user: { id: string; email: string; name: string; }; login: Mock<[email: string, password: string], Promise<void>>; logout: Mock<[], void>; register: Mock<[email: string, password: string, confirmPassword: string], Promise<void>>; loading: false; }' is missing the following properties from type '{ user: User | null; isAuthenticated: boolean; loading: boolean; error: string | null; login: (email: string, password: string) => Promise<void>; register: (email: string, password: string, confirmPassword: string) => Promise<...>; logout: () => void; clearError: () => void; checkAuthStatus: () => Promise<...>; }': isAuthenticated, error, clearError, checkAuthStatus
src/__tests__/components/FollowButton.test.tsx(123,21): error TS2345: Argument of type '() => void' is not assignable to parameter of type 'number'.
src/__tests__/components/FollowButton.test.tsx(133,51): error TS2345: Argument of type '{ user: { id: string; email: string; name: string; }; login: Mock<[email: string, password: string], Promise<void>>; logout: Mock<[], void>; register: Mock<[email: string, password: string, confirmPassword: string], Promise<void>>; loading: false; }' is not assignable to parameter of type '{ user: User | null; isAuthenticated: boolean; loading: boolean; error: string | null; login: (email: string, password: string) => Promise<void>; register: (email: string, password: string, confirmPassword: string) => Promise<...>; logout: () => void; clearError: () => void; checkAuthStatus: () => Promise<...>; }'.
  Type '{ user: { id: string; email: string; name: string; }; login: Mock<[email: string, password: string], Promise<void>>; logout: Mock<[], void>; register: Mock<[email: string, password: string, confirmPassword: string], Promise<void>>; loading: false; }' is missing the following properties from type '{ user: User | null; isAuthenticated: boolean; loading: boolean; error: string | null; login: (email: string, password: string) => Promise<void>; register: (email: string, password: string, confirmPassword: string) => Promise<...>; logout: () => void; clearError: () => void; checkAuthStatus: () => Promise<...>; }': isAuthenticated, error, clearError, checkAuthStatus
src/__tests__/components/FollowButton.test.tsx(149,21): error TS2345: Argument of type '() => void' is not assignable to parameter of type 'number'.
src/__tests__/components/FollowButton.test.tsx(158,51): error TS2345: Argument of type '{ user: { id: string; email: string; name: string; }; login: Mock<[email: string, password: string], Promise<void>>; logout: Mock<[], void>; register: Mock<[email: string, password: string, confirmPassword: string], Promise<void>>; loading: false; }' is not assignable to parameter of type '{ user: User | null; isAuthenticated: boolean; loading: boolean; error: string | null; login: (email: string, password: string) => Promise<void>; register: (email: string, password: string, confirmPassword: string) => Promise<...>; logout: () => void; clearError: () => void; checkAuthStatus: () => Promise<...>; }'.
  Type '{ user: { id: string; email: string; name: string; }; login: Mock<[email: string, password: string], Promise<void>>; logout: Mock<[], void>; register: Mock<[email: string, password: string, confirmPassword: string], Promise<void>>; loading: false; }' is missing the following properties from type '{ user: User | null; isAuthenticated: boolean; loading: boolean; error: string | null; login: (email: string, password: string) => Promise<void>; register: (email: string, password: string, confirmPassword: string) => Promise<...>; logout: () => void; clearError: () => void; checkAuthStatus: () => Promise<...>; }': isAuthenticated, error, clearError, checkAuthStatus
src/__tests__/components/FollowButton.test.tsx(174,21): error TS2345: Argument of type '() => void' is not assignable to parameter of type 'number'.
src/__tests__/components/FollowButton.test.tsx(183,51): error TS2345: Argument of type '{ user: { id: string; email: string; name: string; }; login: Mock<[email: string, password: string], Promise<void>>; logout: Mock<[], void>; register: Mock<[email: string, password: string, confirmPassword: string], Promise<void>>; loading: false; }' is not assignable to parameter of type '{ user: User | null; isAuthenticated: boolean; loading: boolean; error: string | null; login: (email: string, password: string) => Promise<void>; register: (email: string, password: string, confirmPassword: string) => Promise<...>; logout: () => void; clearError: () => void; checkAuthStatus: () => Promise<...>; }'.
  Type '{ user: { id: string; email: string; name: string; }; login: Mock<[email: string, password: string], Promise<void>>; logout: Mock<[], void>; register: Mock<[email: string, password: string, confirmPassword: string], Promise<void>>; loading: false; }' is missing the following properties from type '{ user: User | null; isAuthenticated: boolean; loading: boolean; error: string | null; login: (email: string, password: string) => Promise<void>; register: (email: string, password: string, confirmPassword: string) => Promise<...>; logout: () => void; clearError: () => void; checkAuthStatus: () => Promise<...>; }': isAuthenticated, error, clearError, checkAuthStatus
src/__tests__/components/FollowButton.test.tsx(195,9): error TS2322: Type 'Promise<unknown>' is not assignable to type 'Promise<void> | Promise<Promise<void>>'.
  Type 'Promise<unknown>' is not assignable to type 'Promise<void>'.
    Type 'unknown' is not assignable to type 'void'.
src/__tests__/components/FollowButton.test.tsx(208,13): error TS6133: 'user' is declared but its value is never read.
src/__tests__/components/FollowButton.test.tsx(209,13): error TS6133: 'alertSpy' is declared but its value is never read.
src/__tests__/components/FollowButton.test.tsx(212,51): error TS2345: Argument of type '{ user: { id: string; email: string; name: string; }; login: Mock<[email: string, password: string], Promise<void>>; logout: Mock<[], void>; register: Mock<[email: string, password: string, confirmPassword: string], Promise<void>>; loading: false; }' is not assignable to parameter of type '{ user: User | null; isAuthenticated: boolean; loading: boolean; error: string | null; login: (email: string, password: string) => Promise<void>; register: (email: string, password: string, confirmPassword: string) => Promise<...>; logout: () => void; clearError: () => void; checkAuthStatus: () => Promise<...>; }'.
  Type '{ user: { id: string; email: string; name: string; }; login: Mock<[email: string, password: string], Promise<void>>; logout: Mock<[], void>; register: Mock<[email: string, password: string, confirmPassword: string], Promise<void>>; loading: false; }' is missing the following properties from type '{ user: User | null; isAuthenticated: boolean; loading: boolean; error: string | null; login: (email: string, password: string) => Promise<void>; register: (email: string, password: string, confirmPassword: string) => Promise<...>; logout: () => void; clearError: () => void; checkAuthStatus: () => Promise<...>; }': isAuthenticated, error, clearError, checkAuthStatus
src/__tests__/components/FollowButton.test.tsx(224,13): error TS6133: 'button' is declared but its value is never read.
src/__tests__/components/FollowButton.test.tsx(227,51): error TS2345: Argument of type '{ user: null; login: Mock<[email: string, password: string], Promise<void>>; logout: Mock<[], void>; register: Mock<[email: string, password: string, confirmPassword: string], Promise<void>>; loading: false; }' is not assignable to parameter of type '{ user: User | null; isAuthenticated: boolean; loading: boolean; error: string | null; login: (email: string, password: string) => Promise<void>; register: (email: string, password: string, confirmPassword: string) => Promise<...>; logout: () => void; clearError: () => void; checkAuthStatus: () => Promise<...>; }'.
  Type '{ user: null; login: Mock<[email: string, password: string], Promise<void>>; logout: Mock<[], void>; register: Mock<[email: string, password: string, confirmPassword: string], Promise<void>>; loading: false; }' is missing the following properties from type '{ user: User | null; isAuthenticated: boolean; loading: boolean; error: string | null; login: (email: string, password: string) => Promise<void>; register: (email: string, password: string, confirmPassword: string) => Promise<...>; logout: () => void; clearError: () => void; checkAuthStatus: () => Promise<...>; }': isAuthenticated, error, clearError, checkAuthStatus
src/__tests__/components/FollowButton.test.tsx(245,51): error TS2345: Argument of type '{ user: { id: string; email: string; name: string; }; login: Mock<[email: string, password: string], Promise<void>>; logout: Mock<[], void>; register: Mock<[email: string, password: string, confirmPassword: string], Promise<void>>; loading: false; }' is not assignable to parameter of type '{ user: User | null; isAuthenticated: boolean; loading: boolean; error: string | null; login: (email: string, password: string) => Promise<void>; register: (email: string, password: string, confirmPassword: string) => Promise<...>; logout: () => void; clearError: () => void; checkAuthStatus: () => Promise<...>; }'.
  Type '{ user: { id: string; email: string; name: string; }; login: Mock<[email: string, password: string], Promise<void>>; logout: Mock<[], void>; register: Mock<[email: string, password: string, confirmPassword: string], Promise<void>>; loading: false; }' is missing the following properties from type '{ user: User | null; isAuthenticated: boolean; loading: boolean; error: string | null; login: (email: string, password: string) => Promise<void>; register: (email: string, password: string, confirmPassword: string) => Promise<...>; logout: () => void; clearError: () => void; checkAuthStatus: () => Promise<...>; }': isAuthenticated, error, clearError, checkAuthStatus
src/__tests__/components/FollowButton.test.tsx(263,21): error TS2345: Argument of type '() => void' is not assignable to parameter of type 'number'.
src/__tests__/components/FollowButton.test.tsx(275,51): error TS2345: Argument of type '{ user: { id: string; email: string; name: string; }; login: Mock<[email: string, password: string], Promise<void>>; logout: Mock<[], void>; register: Mock<[email: string, password: string, confirmPassword: string], Promise<void>>; loading: false; }' is not assignable to parameter of type '{ user: User | null; isAuthenticated: boolean; loading: boolean; error: string | null; login: (email: string, password: string) => Promise<void>; register: (email: string, password: string, confirmPassword: string) => Promise<...>; logout: () => void; clearError: () => void; checkAuthStatus: () => Promise<...>; }'.
  Type '{ user: { id: string; email: string; name: string; }; login: Mock<[email: string, password: string], Promise<void>>; logout: Mock<[], void>; register: Mock<[email: string, password: string, confirmPassword: string], Promise<void>>; loading: false; }' is missing the following properties from type '{ user: User | null; isAuthenticated: boolean; loading: boolean; error: string | null; login: (email: string, password: string) => Promise<void>; register: (email: string, password: string, confirmPassword: string) => Promise<...>; logout: () => void; clearError: () => void; checkAuthStatus: () => Promise<...>; }': isAuthenticated, error, clearError, checkAuthStatus
src/__tests__/components/FollowButton.test.tsx(291,21): error TS2345: Argument of type '() => void' is not assignable to parameter of type 'number'.
src/__tests__/components/FollowButton.test.tsx(299,51): error TS2345: Argument of type '{ user: { id: string; email: string; name: string; }; login: Mock<[email: string, password: string], Promise<void>>; logout: Mock<[], void>; register: Mock<[email: string, password: string, confirmPassword: string], Promise<void>>; loading: false; }' is not assignable to parameter of type '{ user: User | null; isAuthenticated: boolean; loading: boolean; error: string | null; login: (email: string, password: string) => Promise<void>; register: (email: string, password: string, confirmPassword: string) => Promise<...>; logout: () => void; clearError: () => void; checkAuthStatus: () => Promise<...>; }'.
  Type '{ user: { id: string; email: string; name: string; }; login: Mock<[email: string, password: string], Promise<void>>; logout: Mock<[], void>; register: Mock<[email: string, password: string, confirmPassword: string], Promise<void>>; loading: false; }' is missing the following properties from type '{ user: User | null; isAuthenticated: boolean; loading: boolean; error: string | null; login: (email: string, password: string) => Promise<void>; register: (email: string, password: string, confirmPassword: string) => Promise<...>; logout: () => void; clearError: () => void; checkAuthStatus: () => Promise<...>; }': isAuthenticated, error, clearError, checkAuthStatus
src/__tests__/components/FollowButton.test.tsx(317,51): error TS2345: Argument of type '{ user: { id: string; email: string; name: string; }; login: Mock<[email: string, password: string], Promise<void>>; logout: Mock<[], void>; register: Mock<[email: string, password: string, confirmPassword: string], Promise<void>>; loading: false; }' is not assignable to parameter of type '{ user: User | null; isAuthenticated: boolean; loading: boolean; error: string | null; login: (email: string, password: string) => Promise<void>; register: (email: string, password: string, confirmPassword: string) => Promise<...>; logout: () => void; clearError: () => void; checkAuthStatus: () => Promise<...>; }'.
  Type '{ user: { id: string; email: string; name: string; }; login: Mock<[email: string, password: string], Promise<void>>; logout: Mock<[], void>; register: Mock<[email: string, password: string, confirmPassword: string], Promise<void>>; loading: false; }' is missing the following properties from type '{ user: User | null; isAuthenticated: boolean; loading: boolean; error: string | null; login: (email: string, password: string) => Promise<void>; register: (email: string, password: string, confirmPassword: string) => Promise<...>; logout: () => void; clearError: () => void; checkAuthStatus: () => Promise<...>; }': isAuthenticated, error, clearError, checkAuthStatus
src/__tests__/components/FollowButton.test.tsx(338,51): error TS2345: Argument of type '{ user: { id: string; email: string; name: string; }; login: Mock<[email: string, password: string], Promise<void>>; logout: Mock<[], void>; register: Mock<[email: string, password: string, confirmPassword: string], Promise<void>>; loading: false; }' is not assignable to parameter of type '{ user: User | null; isAuthenticated: boolean; loading: boolean; error: string | null; login: (email: string, password: string) => Promise<void>; register: (email: string, password: string, confirmPassword: string) => Promise<...>; logout: () => void; clearError: () => void; checkAuthStatus: () => Promise<...>; }'.
  Type '{ user: { id: string; email: string; name: string; }; login: Mock<[email: string, password: string], Promise<void>>; logout: Mock<[], void>; register: Mock<[email: string, password: string, confirmPassword: string], Promise<void>>; loading: false; }' is missing the following properties from type '{ user: User | null; isAuthenticated: boolean; loading: boolean; error: string | null; login: (email: string, password: string) => Promise<void>; register: (email: string, password: string, confirmPassword: string) => Promise<...>; logout: () => void; clearError: () => void; checkAuthStatus: () => Promise<...>; }': isAuthenticated, error, clearError, checkAuthStatus
src/__tests__/components/FollowButton.test.tsx(358,21): error TS2345: Argument of type '() => void' is not assignable to parameter of type 'number'.
src/__tests__/components/FollowButton.test.tsx(365,21): error TS2345: Argument of type '() => void' is not assignable to parameter of type 'number'.
src/__tests__/components/FollowButton.test.tsx(372,21): error TS2345: Argument of type '() => void' is not assignable to parameter of type 'number'.
src/__tests__/components/JournalCard.test.tsx(10,3): error TS2304: Cannot find name 'beforeEach'.
src/__tests__/components/JournalCard.test.tsx(17,9): error TS2739: Type '{ id: number; title: string; issn: string; category: string; rating: number; description: string; reviews: never[]; createdAt: string; }' is missing the following properties from type 'Journal': journalId, name
src/__tests__/components/JournalCard.test.tsx(32,9): error TS2322: Type '{ id: number; title: string; issn: string; category: string; rating: number; description: string; reviews: never[]; createdAt: string; }' is not assignable to type 'Journal'.
src/__tests__/components/JournalCard.test.tsx(47,9): error TS2322: Type '{ id: number; title: string; issn: string; category: string; rating: number; description: string; reviews: never[]; createdAt: string; }' is not assignable to type 'Journal'.
src/__tests__/components/JournalCard.test.tsx(61,9): error TS2322: Type '{ id: number; title: string; issn: string; category: string; rating: number; description: string; reviews: never[]; createdAt: string; }' is not assignable to type 'Journal'.
src/__tests__/components/JournalCard.test.tsx(78,9): error TS2322: Type '{ id: number; title: string; issn: string; category: string; rating: number; description: string; reviews: never[]; createdAt: string; }' is not assignable to type 'Journal'.
src/__tests__/components/JournalCard.test.tsx(96,9): error TS2322: Type '{ id: number; title: string; issn: string; category: string; rating: number; description: string; reviews: never[]; createdAt: string; }' is not assignable to type 'Journal'.
src/__tests__/components/JournalCard.test.tsx(109,9): error TS2322: Type '{ id: number; title: string; issn: string; category: string; rating: number; description: string; reviews: never[]; createdAt: string; }' is not assignable to type 'Journal'.
src/__tests__/components/JournalCard.test.tsx(128,9): error TS2739: Type '{ description: string; id: number; title: string; issn: string; category: string; rating: number; reviews: never[]; createdAt: string; }' is missing the following properties from type 'Journal': journalId, name
src/__tests__/components/JournalCard.test.tsx(148,9): error TS2739: Type '{ rating: number; id: number; title: string; issn: string; category: string; description: string; reviews: never[]; createdAt: string; }' is missing the following properties from type 'Journal': journalId, name
src/__tests__/components/JournalCard.test.tsx(168,38): error TS2322: Type '{ category: string; id: number; title: string; issn: string; rating: number; description: string; reviews: never[]; createdAt: string; }' is not assignable to type 'Journal'.
  Object literal may only specify known properties, and 'category' does not exist in type 'Journal'.
src/__tests__/components/LoginForm.test.tsx(2,26): error TS6133: 'fireEvent' is declared but its value is never read.
src/__tests__/components/LoginForm.test.tsx(10,3): error TS2304: Cannot find name 'beforeEach'.
src/__tests__/components/LoginForm.test.tsx(45,19): error TS2345: Argument of type '() => void' is not assignable to parameter of type 'number'.
src/__tests__/components/LoginForm.test.tsx(64,19): error TS2345: Argument of type '() => void' is not assignable to parameter of type 'number'.
src/__tests__/components/LoginForm.test.tsx(102,19): error TS2345: Argument of type '() => void' is not assignable to parameter of type 'number'.
src/__tests__/components/LoginForm.test.tsx(137,19): error TS2345: Argument of type '() => void' is not assignable to parameter of type 'number'.
src/__tests__/components/LoginForm.test.tsx(249,19): error TS2345: Argument of type '() => void' is not assignable to parameter of type 'number'.
src/__tests__/components/LoginForm.test.tsx(256,19): error TS2345: Argument of type '() => void' is not assignable to parameter of type 'number'.
src/__tests__/components/PostCard.test.tsx(7,7): error TS2739: Type '{ id: number; userId: string; title: string; content: string; category: "discussion"; tags: string[]; viewCount: number; likeCount: number; commentCount: number; favoriteCount: number; followCount: number; ... 5 more ...; updatedAt: string; }' is missing the following properties from type 'Post': userName, isPinned, isDeleted, status
src/__tests__/components/PostCard.test.tsx(181,11): error TS2739: Type '{ id: number; userId: string; title: string; content: string; category: "other"; tags: never[]; viewCount: number; likeCount: number; commentCount: number; favoriteCount: number; followCount: number; hotScore: number; createdAt: string; updatedAt: string; }' is missing the following properties from type 'Post': userName, isPinned, isDeleted, status
src/__tests__/components/PostDetail.test.tsx(7,7): error TS2739: Type '{ id: number; userId: string; title: string; content: string; category: "discussion"; tags: string[]; viewCount: number; likeCount: number; commentCount: number; favoriteCount: number; followCount: number; ... 5 more ...; updatedAt: string; }' is missing the following properties from type 'Post': userName, isPinned, isDeleted, status
src/__tests__/components/PostDetail.test.tsx(42,3): error TS2304: Cannot find name 'beforeEach'.
src/__tests__/components/PostDetail.test.tsx(51,11): error TS2322: Type '{ post: Post; author: { id: string; name: string; avatar: string; email: string; }; onLike: Mock<any, any>; onFavorite: Mock<any, any>; onFollow: Mock<any, any>; onReport: Mock<...>; }' is not assignable to type 'IntrinsicAttributes & PostDetailProps'.
  Property 'author' does not exist on type 'IntrinsicAttributes & PostDetailProps'.
src/__tests__/components/PostDetail.test.tsx(69,11): error TS2322: Type '{ post: Post; author: { id: string; name: string; avatar: string; email: string; }; onLike: Mock<any, any>; onFavorite: Mock<any, any>; onFollow: Mock<any, any>; onReport: Mock<...>; }' is not assignable to type 'IntrinsicAttributes & PostDetailProps'.
  Property 'author' does not exist on type 'IntrinsicAttributes & PostDetailProps'.
src/__tests__/components/PostDetail.test.tsx(93,11): error TS2322: Type '{ post: Post; author: { id: string; name: string; avatar: string; email: string; }; onLike: Mock<any, any>; onFavorite: Mock<any, any>; onFollow: Mock<any, any>; onReport: Mock<...>; }' is not assignable to type 'IntrinsicAttributes & PostDetailProps'.
  Property 'author' does not exist on type 'IntrinsicAttributes & PostDetailProps'.
src/__tests__/components/PostDetail.test.tsx(111,11): error TS2322: Type '{ post: Post; author: { id: string; name: string; avatar: string; email: string; }; onLike: Mock<any, any>; onFavorite: Mock<any, any>; onFollow: Mock<any, any>; onReport: Mock<...>; }' is not assignable to type 'IntrinsicAttributes & PostDetailProps'.
  Property 'author' does not exist on type 'IntrinsicAttributes & PostDetailProps'.
src/__tests__/components/PostDetail.test.tsx(128,11): error TS2322: Type '{ post: Post; author: { id: string; name: string; avatar: string; email: string; }; onLike: Mock<any, any>; onFavorite: Mock<any, any>; onFollow: Mock<any, any>; onReport: Mock<...>; }' is not assignable to type 'IntrinsicAttributes & PostDetailProps'.
  Property 'author' does not exist on type 'IntrinsicAttributes & PostDetailProps'.
src/__tests__/components/PostDetail.test.tsx(147,11): error TS2322: Type '{ post: Post; author: { id: string; name: string; avatar: string; email: string; }; onLike: Mock<any, any>; onFavorite: Mock<any, any>; onFollow: Mock<any, any>; onReport: Mock<...>; }' is not assignable to type 'IntrinsicAttributes & PostDetailProps'.
  Property 'author' does not exist on type 'IntrinsicAttributes & PostDetailProps'.
src/__tests__/components/PostDetail.test.tsx(169,11): error TS2322: Type '{ post: Post; author: { id: string; name: string; avatar: string; email: string; }; onLike: Mock<any, any>; onFavorite: Mock<any, any>; onFollow: Mock<any, any>; onReport: Mock<...>; }' is not assignable to type 'IntrinsicAttributes & PostDetailProps'.
  Property 'author' does not exist on type 'IntrinsicAttributes & PostDetailProps'.
src/__tests__/components/PostDetail.test.tsx(191,11): error TS2322: Type '{ post: Post; author: { id: string; name: string; avatar: string; email: string; }; onLike: Mock<any, any>; onFavorite: Mock<any, any>; onFollow: Mock<any, any>; onReport: Mock<...>; }' is not assignable to type 'IntrinsicAttributes & PostDetailProps'.
  Property 'author' does not exist on type 'IntrinsicAttributes & PostDetailProps'.
src/__tests__/components/PostDetail.test.tsx(215,11): error TS2322: Type '{ post: Post; author: { id: string; name: string; avatar: string; email: string; }; onLike: Mock<any, any>; onFavorite: Mock<any, any>; onFollow: Mock<any, any>; onReport: Mock<...>; }' is not assignable to type 'IntrinsicAttributes & PostDetailProps'.
  Property 'author' does not exist on type 'IntrinsicAttributes & PostDetailProps'.
src/__tests__/components/PostDetail.test.tsx(235,11): error TS2322: Type '{ post: Post; author: { id: string; name: string; avatar: string; email: string; }; onLike: Mock<any, any>; onFavorite: Mock<any, any>; onFollow: Mock<any, any>; onReport: Mock<...>; }' is not assignable to type 'IntrinsicAttributes & PostDetailProps'.
  Property 'author' does not exist on type 'IntrinsicAttributes & PostDetailProps'.
src/__tests__/components/PostDetail.test.tsx(255,11): error TS2322: Type '{ post: Post; author: { id: string; name: string; avatar: string; email: string; }; onLike: Mock<any, any>; onFavorite: Mock<any, any>; onFollow: Mock<any, any>; onReport: Mock<...>; }' is not assignable to type 'IntrinsicAttributes & PostDetailProps'.
  Property 'author' does not exist on type 'IntrinsicAttributes & PostDetailProps'.
src/__tests__/components/PostDetail.test.tsx(273,11): error TS2322: Type '{ post: Post; author: { id: string; name: string; avatar: string; email: string; }; isAuthor: boolean; onLike: Mock<any, any>; onFavorite: Mock<any, any>; onFollow: Mock<any, any>; onReport: Mock<...>; onEdit: Mock<...>; onDelete: Mock<...>; }' is not assignable to type 'IntrinsicAttributes & PostDetailProps'.
  Property 'author' does not exist on type 'IntrinsicAttributes & PostDetailProps'.
src/__tests__/components/PostDetail.test.tsx(294,11): error TS2322: Type '{ post: Post; author: { id: string; name: string; avatar: string; email: string; }; isAuthor: boolean; onLike: Mock<any, any>; onFavorite: Mock<any, any>; onFollow: Mock<any, any>; onReport: Mock<...>; }' is not assignable to type 'IntrinsicAttributes & PostDetailProps'.
  Property 'author' does not exist on type 'IntrinsicAttributes & PostDetailProps'.
src/__tests__/components/PostDetail.test.tsx(313,11): error TS2322: Type '{ post: Post; author: { id: string; name: string; avatar: string; email: string; }; isAuthor: boolean; onLike: Mock<any, any>; onFavorite: Mock<any, any>; onFollow: Mock<any, any>; onReport: Mock<...>; onEdit: Mock<...>; onDelete: Mock<...>; }' is not assignable to type 'IntrinsicAttributes & PostDetailProps'.
  Property 'author' does not exist on type 'IntrinsicAttributes & PostDetailProps'.
src/__tests__/components/PostDetail.test.tsx(338,11): error TS2322: Type '{ post: Post; author: { id: string; name: string; avatar: string; email: string; }; isAuthor: boolean; onLike: Mock<any, any>; onFavorite: Mock<any, any>; onFollow: Mock<any, any>; onReport: Mock<...>; onEdit: Mock<...>; onDelete: Mock<...>; }' is not assignable to type 'IntrinsicAttributes & PostDetailProps'.
  Property 'author' does not exist on type 'IntrinsicAttributes & PostDetailProps'.
src/__tests__/components/PostDetail.test.tsx(363,11): error TS2322: Type '{ post: Post; author: { id: string; name: string; avatar: string; email: string; }; isAuthor: boolean; onLike: Mock<any, any>; onFavorite: Mock<any, any>; onFollow: Mock<any, any>; onReport: Mock<...>; }' is not assignable to type 'IntrinsicAttributes & PostDetailProps'.
  Property 'author' does not exist on type 'IntrinsicAttributes & PostDetailProps'.
src/__tests__/components/PostDetail.test.tsx(381,11): error TS2322: Type '{ post: Post; author: { id: string; name: string; avatar: string; email: string; }; isAuthor: boolean; onLike: Mock<any, any>; onFavorite: Mock<any, any>; onFollow: Mock<any, any>; onReport: Mock<...>; }' is not assignable to type 'IntrinsicAttributes & PostDetailProps'.
  Property 'author' does not exist on type 'IntrinsicAttributes & PostDetailProps'.
src/__tests__/components/PostDetail.test.tsx(410,11): error TS2322: Type '{ post: Post; author: { id: string; name: string; avatar: string; email: string; }; onLike: Mock<any, any>; onFavorite: Mock<any, any>; onFollow: Mock<any, any>; onReport: Mock<...>; }' is not assignable to type 'IntrinsicAttributes & PostDetailProps'.
  Property 'author' does not exist on type 'IntrinsicAttributes & PostDetailProps'.
src/__tests__/components/PostDetail.test.tsx(429,11): error TS2322: Type '{ post: Post; author: { id: string; name: string; avatar: string; email: string; }; onLike: Mock<any, any>; onFavorite: Mock<any, any>; onFollow: Mock<any, any>; onReport: Mock<...>; }' is not assignable to type 'IntrinsicAttributes & PostDetailProps'.
  Property 'author' does not exist on type 'IntrinsicAttributes & PostDetailProps'.
src/__tests__/components/PostDetail.test.tsx(453,11): error TS2322: Type '{ post: Post; author: { id: string; name: string; avatar: string; email: string; }; onLike: Mock<any, any>; onFavorite: Mock<any, any>; onFollow: Mock<any, any>; onReport: Mock<...>; }' is not assignable to type 'IntrinsicAttributes & PostDetailProps'.
  Property 'author' does not exist on type 'IntrinsicAttributes & PostDetailProps'.
src/__tests__/components/PostDetail.test.tsx(470,11): error TS2322: Type '{ post: Post; author: { id: string; name: string; avatar: string; email: string; }; onLike: Mock<any, any>; onFavorite: Mock<any, any>; onFollow: Mock<any, any>; onReport: Mock<...>; }' is not assignable to type 'IntrinsicAttributes & PostDetailProps'.
  Property 'author' does not exist on type 'IntrinsicAttributes & PostDetailProps'.
src/__tests__/components/PostDetail.test.tsx(489,11): error TS2322: Type '{ post: Post; author: { id: string; name: string; avatar: string; email: string; }; loading: boolean; onLike: Mock<any, any>; onFavorite: Mock<any, any>; onFollow: Mock<any, any>; onReport: Mock<...>; }' is not assignable to type 'IntrinsicAttributes & PostDetailProps'.
  Property 'author' does not exist on type 'IntrinsicAttributes & PostDetailProps'.
src/__tests__/components/PostForm.test.tsx(2,26): error TS6133: 'fireEvent' is declared but its value is never read.
src/__tests__/components/PostForm.test.tsx(25,13): error TS2741: Property 'mode' is missing in type '{ onSubmit: Mock<any, any>; onCancel: Mock<any, any>; }' but required in type 'PostFormProps'.
src/__tests__/components/PostForm.test.tsx(36,13): error TS2741: Property 'mode' is missing in type '{ onSubmit: Mock<any, any>; onCancel: Mock<any, any>; }' but required in type 'PostFormProps'.
src/__tests__/components/PostForm.test.tsx(51,13): error TS2741: Property 'mode' is missing in type '{ onSubmit: Mock<any, any>; onCancel: Mock<any, any>; }' but required in type 'PostFormProps'.
src/__tests__/components/PostForm.test.tsx(65,13): error TS2741: Property 'mode' is missing in type '{ onSubmit: Mock<any, any>; onCancel: Mock<any, any>; }' but required in type 'PostFormProps'.
src/__tests__/components/PostForm.test.tsx(75,13): error TS2741: Property 'mode' is missing in type '{ onSubmit: Mock<any, any>; onCancel: Mock<any, any>; }' but required in type 'PostFormProps'.
src/__tests__/components/PostForm.test.tsx(103,13): error TS2741: Property 'mode' is missing in type '{ onSubmit: Mock<any, any>; onCancel: Mock<any, any>; }' but required in type 'PostFormProps'.
src/__tests__/components/PostForm.test.tsx(123,13): error TS2741: Property 'mode' is missing in type '{ onSubmit: Mock<any, any>; onCancel: Mock<any, any>; }' but required in type 'PostFormProps'.
src/__tests__/components/PostForm.test.tsx(140,8): error TS2741: Property 'mode' is missing in type '{ onSubmit: Mock<any, any>; onCancel: Mock<any, any>; initialData: Partial<CreatePostData>; }' but required in type 'PostFormProps'.
src/__tests__/components/PostForm.test.tsx(156,13): error TS2741: Property 'mode' is missing in type '{ onSubmit: Mock<any, any>; onCancel: Mock<any, any>; }' but required in type 'PostFormProps'.
src/__tests__/components/PostForm.test.tsx(186,13): error TS2741: Property 'mode' is missing in type '{ onSubmit: Mock<any, any>; onCancel: Mock<any, any>; }' but required in type 'PostFormProps'.
src/__tests__/components/PostForm.test.tsx(205,13): error TS2741: Property 'mode' is missing in type '{ onSubmit: Mock<any, any>; onCancel: Mock<any, any>; }' but required in type 'PostFormProps'.
src/__tests__/components/PostForm.test.tsx(228,13): error TS2741: Property 'mode' is missing in type '{ onSubmit: Mock<any, any>; onCancel: Mock<any, any>; }' but required in type 'PostFormProps'.
src/__tests__/components/PostForm.test.tsx(242,13): error TS2741: Property 'mode' is missing in type '{ onSubmit: Mock<any, any>; onCancel: Mock<any, any>; }' but required in type 'PostFormProps'.
src/__tests__/components/PostForm.test.tsx(257,13): error TS2741: Property 'mode' is missing in type '{ onSubmit: Mock<any, any>; onCancel: Mock<any, any>; }' but required in type 'PostFormProps'.
src/__tests__/components/PostForm.test.tsx(281,13): error TS2741: Property 'mode' is missing in type '{ onSubmit: Mock<any, any>; onCancel: Mock<any, any>; }' but required in type 'PostFormProps'.
src/__tests__/components/PostForm.test.tsx(306,13): error TS2741: Property 'mode' is missing in type '{ onSubmit: Mock<any, any>; onCancel: Mock<any, any>; }' but required in type 'PostFormProps'.
src/__tests__/components/PostForm.test.tsx(327,13): error TS2741: Property 'mode' is missing in type '{ onSubmit: Mock<any, any>; onCancel: Mock<any, any>; }' but required in type 'PostFormProps'.
src/__tests__/components/PostForm.test.tsx(358,13): error TS2741: Property 'mode' is missing in type '{ onSubmit: Mock<any, any>; onCancel: Mock<any, any>; }' but required in type 'PostFormProps'.
src/__tests__/components/PostForm.test.tsx(381,13): error TS2741: Property 'mode' is missing in type '{ onSubmit: Mock<[], Promise<unknown>>; onCancel: Mock<any, any>; }' but required in type 'PostFormProps'.
src/contexts/BadgeContext.tsx(17,11): error TS6133: 'user' is declared but its value is never read.
src/contexts/PostContext.tsx(309,25): error TS2551: Property 'incrementViewCount' does not exist on type '{ getPosts: (filters?: PostFilters | undefined) => Promise<{ posts: Post[]; pagination: PostPagination; }>; getPostById: (id: number) => Promise<...>; ... 14 more ...; getMyFollows: (page?: number, limit?: number) => Promise<...>; }'. Did you mean 'incrementView'?
src/features/admin/components/CommentManagement.tsx(104,79): error TS2339: Property 'journalTitle' does not exist on type 'AdminComment'.
src/features/admin/components/JournalManagement.tsx(85,7): error TS2322: Type 'string | undefined' is not assignable to type 'string'.
  Type 'undefined' is not assignable to type 'string'.
src/features/journals/components/JournalsGrid.tsx(40,26): error TS2339: Property 'id' does not exist on type 'Journal'.
src/features/posts/components/PostCommentItem.tsx(7,1): error TS6133: 'BadgeList' is declared but its value is never read.
src/features/posts/components/PostDetail.tsx(99,9): error TS6133: 'sanitizeHTML' is declared but its value is never read.
src/features/posts/components/PostForm.tsx(48,10): error TS6133: 'journalTitle' is declared but its value is never read.
src/features/posts/components/PostForm.tsx(48,24): error TS6133: 'setJournalTitle' is declared but its value is never read.
src/features/posts/pages/CommunityPage.tsx(6,45): error TS6133: 'PostCategory' is declared but its value is never read.
src/features/posts/services/postService.ts(42,7): error TS2769: No overload matches this call.
  Overload 1 of 2, '(input: string | URL | Request, init?: RequestInit | undefined): Promise<Response>', gave the following error.
    Type '{ Authorization: string; } | { Authorization?: undefined; }' is not assignable to type 'HeadersInit | undefined'.
      Type '{ Authorization?: undefined; }' is not assignable to type 'HeadersInit | undefined'.
        Type '{ Authorization?: undefined; }' is not assignable to type 'Record<string, string>'.
          Property 'Authorization' is incompatible with index signature.
            Type 'undefined' is not assignable to type 'string'.
  Overload 2 of 2, '(input: URL | RequestInfo, init?: RequestInit | undefined): Promise<Response>', gave the following error.
    Type '{ Authorization: string; } | { Authorization?: undefined; }' is not assignable to type 'HeadersInit | undefined'.
src/features/posts/services/postService.ts(50,7): error TS2769: No overload matches this call.
  Overload 1 of 2, '(input: string | URL | Request, init?: RequestInit | undefined): Promise<Response>', gave the following error.
    Type '{ Authorization: string; } | { Authorization?: undefined; }' is not assignable to type 'HeadersInit | undefined'.
  Overload 2 of 2, '(input: URL | RequestInfo, init?: RequestInit | undefined): Promise<Response>', gave the following error.
    Type '{ Authorization: string; } | { Authorization?: undefined; }' is not assignable to type 'HeadersInit | undefined'.
src/features/posts/services/postService.ts(59,7): error TS2769: No overload matches this call.
  Overload 1 of 2, '(input: string | URL | Request, init?: RequestInit | undefined): Promise<Response>', gave the following error.
    Type '{ Authorization: string; 'Content-Type': string; } | { Authorization?: undefined; 'Content-Type': string; }' is not assignable to type 'HeadersInit | undefined'.
      Type '{ Authorization?: undefined; 'Content-Type': string; }' is not assignable to type 'HeadersInit | undefined'.
        Type '{ Authorization?: undefined; 'Content-Type': string; }' is not assignable to type 'undefined'.
  Overload 2 of 2, '(input: URL | RequestInfo, init?: RequestInit | undefined): Promise<Response>', gave the following error.
    Type '{ Authorization: string; 'Content-Type': string; } | { Authorization?: undefined; 'Content-Type': string; }' is not assignable to type 'HeadersInit | undefined'.
      Type '{ Authorization?: undefined; 'Content-Type': string; }' is not assignable to type 'HeadersInit | undefined'.
        Type '{ Authorization?: undefined; 'Content-Type': string; }' is not assignable to type 'undefined'.
src/features/posts/services/postService.ts(72,7): error TS2769: No overload matches this call.
  Overload 1 of 2, '(input: string | URL | Request, init?: RequestInit | undefined): Promise<Response>', gave the following error.
    Type '{ Authorization: string; 'Content-Type': string; } | { Authorization?: undefined; 'Content-Type': string; }' is not assignable to type 'HeadersInit | undefined'.
      Type '{ Authorization?: undefined; 'Content-Type': string; }' is not assignable to type 'HeadersInit | undefined'.
        Type '{ Authorization?: undefined; 'Content-Type': string; }' is not assignable to type 'undefined'.
  Overload 2 of 2, '(input: URL | RequestInfo, init?: RequestInit | undefined): Promise<Response>', gave the following error.
    Type '{ Authorization: string; 'Content-Type': string; } | { Authorization?: undefined; 'Content-Type': string; }' is not assignable to type 'HeadersInit | undefined'.
      Type '{ Authorization?: undefined; 'Content-Type': string; }' is not assignable to type 'HeadersInit | undefined'.
        Type '{ Authorization?: undefined; 'Content-Type': string; }' is not assignable to type 'undefined'.
src/features/posts/services/postService.ts(85,7): error TS2769: No overload matches this call.
  Overload 1 of 2, '(input: string | URL | Request, init?: RequestInit | undefined): Promise<Response>', gave the following error.
    Type '{ Authorization: string; } | { Authorization?: undefined; }' is not assignable to type 'HeadersInit | undefined'.
  Overload 2 of 2, '(input: URL | RequestInfo, init?: RequestInit | undefined): Promise<Response>', gave the following error.
    Type '{ Authorization: string; } | { Authorization?: undefined; }' is not assignable to type 'HeadersInit | undefined'.
src/features/posts/services/postService.ts(94,7): error TS2769: No overload matches this call.
  Overload 1 of 2, '(input: string | URL | Request, init?: RequestInit | undefined): Promise<Response>', gave the following error.
    Type '{ Authorization: string; } | { Authorization?: undefined; }' is not assignable to type 'HeadersInit | undefined'.
  Overload 2 of 2, '(input: URL | RequestInfo, init?: RequestInit | undefined): Promise<Response>', gave the following error.
    Type '{ Authorization: string; } | { Authorization?: undefined; }' is not assignable to type 'HeadersInit | undefined'.
src/features/posts/services/postService.ts(103,7): error TS2769: No overload matches this call.
  Overload 1 of 2, '(input: string | URL | Request, init?: RequestInit | undefined): Promise<Response>', gave the following error.
    Type '{ Authorization: string; } | { Authorization?: undefined; }' is not assignable to type 'HeadersInit | undefined'.
  Overload 2 of 2, '(input: URL | RequestInfo, init?: RequestInit | undefined): Promise<Response>', gave the following error.
    Type '{ Authorization: string; } | { Authorization?: undefined; }' is not assignable to type 'HeadersInit | undefined'.
src/features/posts/services/postService.ts(112,7): error TS2769: No overload matches this call.
  Overload 1 of 2, '(input: string | URL | Request, init?: RequestInit | undefined): Promise<Response>', gave the following error.
    Type '{ Authorization: string; } | { Authorization?: undefined; }' is not assignable to type 'HeadersInit | undefined'.
  Overload 2 of 2, '(input: URL | RequestInfo, init?: RequestInit | undefined): Promise<Response>', gave the following error.
    Type '{ Authorization: string; } | { Authorization?: undefined; }' is not assignable to type 'HeadersInit | undefined'.
src/features/posts/services/postService.ts(121,7): error TS2769: No overload matches this call.
  Overload 1 of 2, '(input: string | URL | Request, init?: RequestInit | undefined): Promise<Response>', gave the following error.
    Type '{ Authorization: string; 'Content-Type': string; } | { Authorization?: undefined; 'Content-Type': string; }' is not assignable to type 'HeadersInit | undefined'.
      Type '{ Authorization?: undefined; 'Content-Type': string; }' is not assignable to type 'HeadersInit | undefined'.
        Type '{ Authorization?: undefined; 'Content-Type': string; }' is not assignable to type 'undefined'.
  Overload 2 of 2, '(input: URL | RequestInfo, init?: RequestInit | undefined): Promise<Response>', gave the following error.
    Type '{ Authorization: string; 'Content-Type': string; } | { Authorization?: undefined; 'Content-Type': string; }' is not assignable to type 'HeadersInit | undefined'.
      Type '{ Authorization?: undefined; 'Content-Type': string; }' is not assignable to type 'HeadersInit | undefined'.
        Type '{ Authorization?: undefined; 'Content-Type': string; }' is not assignable to type 'undefined'.
src/features/posts/services/postService.ts(140,7): error TS2769: No overload matches this call.
  Overload 1 of 2, '(input: string | URL | Request, init?: RequestInit | undefined): Promise<Response>', gave the following error.
    Type '{ Authorization: string; } | { Authorization?: undefined; }' is not assignable to type 'HeadersInit | undefined'.
  Overload 2 of 2, '(input: URL | RequestInfo, init?: RequestInit | undefined): Promise<Response>', gave the following error.
    Type '{ Authorization: string; } | { Authorization?: undefined; }' is not assignable to type 'HeadersInit | undefined'.
src/features/posts/services/postService.ts(149,7): error TS2769: No overload matches this call.
  Overload 1 of 2, '(input: string | URL | Request, init?: RequestInit | undefined): Promise<Response>', gave the following error.
    Type '{ Authorization: string; 'Content-Type': string; } | { Authorization?: undefined; 'Content-Type': string; }' is not assignable to type 'HeadersInit | undefined'.
      Type '{ Authorization?: undefined; 'Content-Type': string; }' is not assignable to type 'HeadersInit | undefined'.
        Type '{ Authorization?: undefined; 'Content-Type': string; }' is not assignable to type 'undefined'.
  Overload 2 of 2, '(input: URL | RequestInfo, init?: RequestInit | undefined): Promise<Response>', gave the following error.
    Type '{ Authorization: string; 'Content-Type': string; } | { Authorization?: undefined; 'Content-Type': string; }' is not assignable to type 'HeadersInit | undefined'.
      Type '{ Authorization?: undefined; 'Content-Type': string; }' is not assignable to type 'HeadersInit | undefined'.
        Type '{ Authorization?: undefined; 'Content-Type': string; }' is not assignable to type 'undefined'.
src/features/posts/services/postService.ts(162,7): error TS2769: No overload matches this call.
  Overload 1 of 2, '(input: string | URL | Request, init?: RequestInit | undefined): Promise<Response>', gave the following error.
    Type '{ Authorization: string; } | { Authorization?: undefined; }' is not assignable to type 'HeadersInit | undefined'.
  Overload 2 of 2, '(input: URL | RequestInfo, init?: RequestInit | undefined): Promise<Response>', gave the following error.
    Type '{ Authorization: string; } | { Authorization?: undefined; }' is not assignable to type 'HeadersInit | undefined'.
src/features/posts/services/postService.ts(171,7): error TS2769: No overload matches this call.
  Overload 1 of 2, '(input: string | URL | Request, init?: RequestInit | undefined): Promise<Response>', gave the following error.
    Type '{ Authorization: string; } | { Authorization?: undefined; }' is not assignable to type 'HeadersInit | undefined'.
  Overload 2 of 2, '(input: URL | RequestInfo, init?: RequestInit | undefined): Promise<Response>', gave the following error.
    Type '{ Authorization: string; } | { Authorization?: undefined; }' is not assignable to type 'HeadersInit | undefined'.
src/features/posts/services/postService.ts(179,7): error TS2769: No overload matches this call.
  Overload 1 of 2, '(input: string | URL | Request, init?: RequestInit | undefined): Promise<Response>', gave the following error.
    Type '{ Authorization: string; } | { Authorization?: undefined; }' is not assignable to type 'HeadersInit | undefined'.
  Overload 2 of 2, '(input: URL | RequestInfo, init?: RequestInit | undefined): Promise<Response>', gave the following error.
    Type '{ Authorization: string; } | { Authorization?: undefined; }' is not assignable to type 'HeadersInit | undefined'.
src/features/posts/services/postService.ts(187,7): error TS2769: No overload matches this call.
  Overload 1 of 2, '(input: string | URL | Request, init?: RequestInit | undefined): Promise<Response>', gave the following error.
    Type '{ Authorization: string; } | { Authorization?: undefined; }' is not assignable to type 'HeadersInit | undefined'.
  Overload 2 of 2, '(input: URL | RequestInfo, init?: RequestInit | undefined): Promise<Response>', gave the following error.
    Type '{ Authorization: string; } | { Authorization?: undefined; }' is not assignable to type 'HeadersInit | undefined'.
src/features/posts/services/postService.ts(195,7): error TS2769: No overload matches this call.
  Overload 1 of 2, '(input: string | URL | Request, init?: RequestInit | undefined): Promise<Response>', gave the following error.
    Type '{ Authorization: string; } | { Authorization?: undefined; }' is not assignable to type 'HeadersInit | undefined'.
  Overload 2 of 2, '(input: URL | RequestInfo, init?: RequestInit | undefined): Promise<Response>', gave the following error.
    Type '{ Authorization: string; } | { Authorization?: undefined; }' is not assignable to type 'HeadersInit | undefined'.
src/features/profile/pages/ProfileEditPage.tsx(17,16): error TS2339: Property 'bio' does not exist on type 'User'.
src/features/profile/pages/ProfileEditPage.tsx(113,20): error TS2339: Property 'avatar' does not exist on type 'User'.
src/features/profile/pages/ProfileEditPage.tsx(114,33): error TS2339: Property 'avatar' does not exist on type 'User'.
